Microchip MPLAB XC8 Compiler V3.10

Linker command line:

-W-3 \
  --edf=C:\Program Files\Microchip\xc8\v3.10\pic\dat\20250813170317_en.msgs \
  -cn -h+dist/default/production\project.X.production.sym \
  --cmf=dist/default/production\project.X.production.cmf -z -Q16F877A \
  -oC:\Users\VIRUSA~1\AppData\Local\Temp\xcAsecw.0\driver_tmp_3.o \
  --defsym=__MPLAB_BUILD=1 --fixupoverflow=error \
  -Mdist/default/production/project.X.production.map \
  --md=C:\Users\VIRUSA~1\AppData\Local\Temp\xcAsecw.0\driver_tmp_0.dat -E1 \
  -ver=XC8 Compiler -ACODE=00h-07FFhx4 -ASTRCODE=00h-01FFFh \
  -ASTRING=00h-0FFhx32 -ACONST=00h-0FFhx32 -AENTRY=00h-0FFhx32 \
  -ACOMMON=070h-07Fh -ABANK0=020h-06Fh -ABANK1=0A0h-0EFh \
  -ABANK2=0110h-016Fh -ABANK3=0190h-01EFh \
  -ARAM=020h-06Fh,0A0h-0EFh,0110h-016Fh,0190h-01EFh \
  -AABS1=020h-07Fh,0A0h-0EFh,0110h-016Fh,0190h-01EFh -ASFR0=00h-01Fh \
  -ASFR1=080h-09Fh -ASFR2=0100h-010Fh -ASFR3=0180h-018Fh \
  -ACONFIG=02007h-02007h -DCONFIG=2 -AIDLOC=02000h-02003h -DIDLOC=2 \
  -AEEDATA=00h-0FFh/02100h -peeprom_data=EEDATA -DEEDATA=2 -DCODE=2 \
  -DSTRCODE=2 -DSTRING=2 -DCONST=2 -DENTRY=2 \
  -preset_vec=00h,intentry=04h,sivt,init,end_init -ppowerup=CODE \
  -pcinit=CODE -pfunctab=ENTRY -k \
  C:\Users\VIRUSA~1\AppData\Local\Temp\xcAsecw.0\driver_tmp_12.o \
  dist/default/production\project.X.production.o 

Object code version is 3.11

Machine type is 16F877A



                Name                               Link     Load   Length Selector   Space Scale
C:\Users\VIRUSA~1\AppData\Local\Temp\xcAsecw.0\driver_tmp_12.o
                end_init                              C        C        3        8       0
                reset_vec                             0        0        3        0       0
                config                             2007     2007        1        0       4
dist/default/production\project.X.production.o
                cinit                                 F        F       2C        8       0
                intentry                              4        4        8        8       0
                config                             2007     2007        1        0       4
                text40                              C29      C29       1D     1852       0
                text39                              B61      B61        F     16C2       0
                text38                              CE3      CE3       22     19C6       0
                text37                              2FD      2FD      139        8       0
                text36                              B80      B80       13     1700       0
                text35                              BA7      BA7       16     174E       0
                text34                              C46      C46       1F     188C       0
                text33                              F12      F12       4C     1E24       0
                text32                              C65      C65       1F     18CA       0
                text31                              C84      C84       1F     1908       0
                text30                              CC2      CC2       21     1984       0
                text29                              53A      53A       7C        8       0
                text28                              B70      B70       10     16E0       0
                text27                              686      686       66        8       0
                text26                              B93      B93       14     1726       0
                text25                              BBD      BBD       19     177A       0
                text24                              D58      D58       36     1AB0       0
                text23                              5B6      5B6       6A        8       0
                text22                              B40      B40        A     1680       0
                text21                              E3E      E3E       42     1C7C       0
                text20                              D8E      D8E       38     1B1C       0
                text19                              FAA      FAA       56     1F54       0
                text18                              6EC      6EC       63        8       0
                text17                              74F      74F       57        8       0
                text16                              DC6      DC6       3C     1B8C       0
                text15                              E80      E80       49     1D00       0
                text14                              BF1      BF1       1C     17E2       0
                text13                              D2C      D2C       2C     1A58       0
                text12                              BD6      BD6       1B     17AC       0
                text11                              CA3      CA3       1F     1946       0
                text10                              D05      D05       27     1A0A       0
                text9                               436      436      104        8       0
                text8                               B54      B54        D     16A8       0
                text7                               B4A      B4A        A     1694       0
                text6                               7A6      7A6       56        8       0
                text5                               E02      E02       3C     1C04       0
                text4                               EC9      EC9       49     1D92       0
                text3                               C0D      C0D       1C     181A       0
                text2                               620      620       66        8       0
                text1                               F5E      F5E       4C     1EBC       0
                maintext                             3B       3B      2C2        8       0
                cstackBANK0                          20       20       29       20       1
                cstackCOMMON                         70       70        B       70       1
                dataBANK0                            52       52        5       20       1
                bssBANK0                             49       49        9       20       1
                bssCOMMON                            7B       7B        1       70       1
                strings                             800      800       2B     1000       0
                idataBANK0                          B3B      B3B        5     1676       0

TOTAL           Name                               Link     Load   Length     Space
        CLASS   CODE           
                end_init                              C        C        3         0
                cinit                                 F        F       2C         0
                intentry                              4        4        8         0
                reset_vec                             0        0        3         0
                text40                              C29      C29       1D         0
                text39                              B61      B61        F         0
                text38                              CE3      CE3       22         0
                text37                              2FD      2FD      139         0
                text36                              B80      B80       13         0
                text35                              BA7      BA7       16         0
                text34                              C46      C46       1F         0
                text33                              F12      F12       4C         0
                text32                              C65      C65       1F         0
                text31                              C84      C84       1F         0
                text30                              CC2      CC2       21         0
                text29                              53A      53A       7C         0
                text28                              B70      B70       10         0
                text27                              686      686       66         0
                text26                              B93      B93       14         0
                text25                              BBD      BBD       19         0
                text24                              D58      D58       36         0
                text23                              5B6      5B6       6A         0
                text22                              B40      B40        A         0
                text21                              E3E      E3E       42         0
                text20                              D8E      D8E       38         0
                text19                              FAA      FAA       56         0
                text18                              6EC      6EC       63         0
                text17                              74F      74F       57         0
                text16                              DC6      DC6       3C         0
                text15                              E80      E80       49         0
                text14                              BF1      BF1       1C         0
                text13                              D2C      D2C       2C         0
                text12                              BD6      BD6       1B         0
                text11                              CA3      CA3       1F         0
                text10                              D05      D05       27         0
                text9                               436      436      104         0
                text8                               B54      B54        D         0
                text7                               B4A      B4A        A         0
                text6                               7A6      7A6       56         0
                text5                               E02      E02       3C         0
                text4                               EC9      EC9       49         0
                text3                               C0D      C0D       1C         0
                text2                               620      620       66         0
                text1                               F5E      F5E       4C         0
                maintext                             3B       3B      2C2         0
                idataBANK0                          B3B      B3B        5         0

        CLASS   STRCODE        

        CLASS   STRING         
                strings                             800      800       2B         0

        CLASS   CONST          

        CLASS   ENTRY          

        CLASS   COMMON         
                cstackCOMMON                         70       70        B         1
                bssCOMMON                            7B       7B        1         1

        CLASS   BANK0          
                cstackBANK0                          20       20       29         1
                dataBANK0                            52       52        5         1
                bssBANK0                             49       49        9         1

        CLASS   BANK1          

        CLASS   BANK2          

        CLASS   BANK3          

        CLASS   RAM            

        CLASS   ABS1           
                abs_s1                               7E       7E        2         1

        CLASS   SFR0           

        CLASS   SFR1           

        CLASS   SFR2           

        CLASS   SFR3           

        CLASS   CONFIG         
                config                             2007     2007        1         4

        CLASS   IDLOC          

        CLASS   EEDATA         

        CLASS   HEAP           

        CLASS   STACK          



SEGMENTS        Name                           Load    Length   Top    Selector   Space  Class     Delta

                reset_vec                      000000  000003  000003         0       0  CODE        2
                intentry                       000004  0007F8  0007FC         8       0  CODE        2
                cstackBANK0                    000020  000037  000057        20       1  BANK0       1
                cstackCOMMON                   000070  00000C  00007C        70       1  COMMON      1
                strings                        000800  00002B  00082B      1000       0  STRING      2
                idataBANK0                     000B3B  000005  000B40      1676       0  CODE        2
                text22                         000B40  00000A  000B4A      1680       0  CODE        2
                text7                          000B4A  00000A  000B54      1694       0  CODE        2
                text8                          000B54  00000D  000B61      16A8       0  CODE        2
                text39                         000B61  00000F  000B70      16C2       0  CODE        2
                text28                         000B70  000010  000B80      16E0       0  CODE        2
                text36                         000B80  000013  000B93      1700       0  CODE        2
                text26                         000B93  000014  000BA7      1726       0  CODE        2
                text35                         000BA7  000016  000BBD      174E       0  CODE        2
                text25                         000BBD  000019  000BD6      177A       0  CODE        2
                text12                         000BD6  00001B  000BF1      17AC       0  CODE        2
                text14                         000BF1  00001C  000C0D      17E2       0  CODE        2
                text3                          000C0D  00001C  000C29      181A       0  CODE        2
                text40                         000C29  00001D  000C46      1852       0  CODE        2
                text34                         000C46  00001F  000C65      188C       0  CODE        2
                text32                         000C65  00001F  000C84      18CA       0  CODE        2
                text31                         000C84  00001F  000CA3      1908       0  CODE        2
                text11                         000CA3  00001F  000CC2      1946       0  CODE        2
                text30                         000CC2  000021  000CE3      1984       0  CODE        2
                text38                         000CE3  000022  000D05      19C6       0  CODE        2
                text10                         000D05  000027  000D2C      1A0A       0  CODE        2
                text13                         000D2C  00002C  000D58      1A58       0  CODE        2
                text24                         000D58  000036  000D8E      1AB0       0  CODE        2
                text20                         000D8E  000038  000DC6      1B1C       0  CODE        2
                text16                         000DC6  00003C  000E02      1B8C       0  CODE        2
                text5                          000E02  00003C  000E3E      1C04       0  CODE        2
                text21                         000E3E  000042  000E80      1C7C       0  CODE        2
                text15                         000E80  000049  000EC9      1D00       0  CODE        2
                text4                          000EC9  000049  000F12      1D92       0  CODE        2
                text33                         000F12  00004C  000F5E      1E24       0  CODE        2
                text1                          000F5E  00004C  000FAA      1EBC       0  CODE        2
                text19                         000FAA  000056  001000      1F54       0  CODE        2


UNUSED ADDRESS RANGES

        Name                Unused          Largest block    Delta
        BANK0            0057-006F             19           1
        BANK1            00A0-00EF             50           1
        BANK2            0110-016F             60           1
        BANK3            0190-01EF             60           1
        CODE             0003-0003              1           2
                         07FC-07FF              4
                         082B-0B3A            310
                         1000-1FFF            800
        COMMON           007C-007D              2           1
        CONST            0003-0003              1           2
                         07FC-07FF              4
                         082B-0B3A            100
                         1000-1FFF            100
        EEDATA           2100-21FF            100           2
        ENTRY            0003-0003              1           2
                         07FC-07FF              4
                         082B-0B3A            100
                         1000-1FFF            100
        IDLOC            2000-2003              4           2
        RAM              0057-006F             19           1
                         00A0-00EF             50
                         0110-016F             60
                         0190-01EF             60
        SFR0             0000-001F             20           1
        SFR1             0080-009F             20           1
        SFR2             0100-010F             10           1
        SFR3             0180-018F             10           1
        STRCODE          0003-0003              1           2
                         07FC-07FF              4
                         082B-0B3A            310
                         1000-1FFF           1000
        STRING           0003-0003              1           2
                         07FC-07FF              4
                         082B-0B3A            100
                         1000-1FFF            100

                                  Symbol Table

?_ADC_Read                  cstackCOMMON 0072
?___awdiv                   cstackCOMMON 0072
?___awmod                   cstackCOMMON 0072
?___lldiv                   cstackBANK0  0024
?___lmul                    cstackCOMMON 0072
?___lwdiv                   cstackCOMMON 0072
?___lwmod                   cstackCOMMON 0072
ADC_Read@ch                 cstackCOMMON 0075
BCDtoDEC@b                  cstackCOMMON 007A
DHT22_Read@data             cstackBANK0  002C
DHT22_Read@hum_x10          cstackCOMMON 0073
DHT22_Read@i                cstackBANK0  0032
DHT22_Read@j                cstackBANK0  0031
DHT22_Read@t                cstackBANK0  002A
DHT22_Read@temp_x10         cstackCOMMON 0072
DHT22_Read@timeout          cstackBANK0  0033
I2C_Read@ack                cstackCOMMON 0074
I2C_Read@d                  cstackCOMMON 0075
I2C_Read@timeout            cstackCOMMON 0076
I2C_Start@timeout           cstackCOMMON 0074
I2C_Stop@timeout            cstackCOMMON 0074
I2C_Wait@timeout            cstackCOMMON 0072
I2C_Write@b                 cstackCOMMON 0074
I2C_Write@timeout           cstackCOMMON 0075
LCD_Cmd@c                   cstackBANK0  0024
LCD_Data@d                  cstackCOMMON 0079
LCD_Goto@col                cstackBANK0  0025
LCD_Goto@row                cstackBANK0  0026
LCD_I2C_SendByte@b          cstackBANK0  0020
LCD_I2C_SendByte@base       cstackBANK0  0023
LCD_I2C_SendByte@high       cstackBANK0  0021
LCD_I2C_SendByte@low        cstackBANK0  0022
LCD_I2C_SendByte@rs         cstackCOMMON 0077
LCD_I2C_SendNibble@nibble   cstackCOMMON 0079
LCD_I2C_SendNibble@rs       cstackCOMMON 0077
LCD_I2C_SendNibble@val      cstackCOMMON 007A
LCD_Num2@n                  cstackCOMMON 007A
LCD_Num@buf                 cstackBANK0  0026
LCD_Num@i                   cstackBANK0  002B
LCD_Num@n                   cstackBANK0  0024
LCD_NumFrac@den             cstackBANK0  002E
LCD_NumFrac@n               cstackBANK0  002C
LCD_Print@s                 cstackCOMMON 007A
SRAM_Read@addr              cstackCOMMON 0078
SRAM_Read@d                 cstackCOMMON 0079
SRAM_SaveSample@alert       cstackBANK0  0029
SRAM_SaveSample@base        cstackBANK0  002F
SRAM_SaveSample@date        cstackBANK0  0022
SRAM_SaveSample@hr          cstackBANK0  002C
SRAM_SaveSample@hum         cstackBANK0  0027
SRAM_SaveSample@light       cstackBANK0  0028
SRAM_SaveSample@min         cstackBANK0  0020
SRAM_SaveSample@mon         cstackBANK0  0023
SRAM_SaveSample@sec         cstackBANK0  0021
SRAM_SaveSample@temp_x10    cstackBANK0  0025
SRAM_SaveSample@yr          cstackBANK0  0024
SRAM_Write@addr             cstackCOMMON 0078
SRAM_Write@data             cstackCOMMON 0077
UART_Num2@n                 cstackCOMMON 007A
UART_Num@buf                cstackBANK0  0022
UART_Num@i                  cstackBANK0  0027
UART_Num@n                  cstackBANK0  0020
UART_NumFrac@den            cstackBANK0  002A
UART_NumFrac@n              cstackBANK0  0028
UART_Print@s                cstackCOMMON 0073
UART_Write@c                cstackCOMMON 0072
_ACKDT                      (abs)        048D
_ACKEN                      (abs)        048C
_ADCON0                     (abs)        001F
_ADCON0bits                 (abs)        001F
_ADCON1                     (abs)        009F
_ADC_Init                   text39       0B61
_ADC_Read                   text38       0CE3
_ADRESH                     (abs)        001E
_ADRESL                     (abs)        009E
_BCDtoDEC                   text35       0BA7
_BF                         (abs)        04A0
_DHT22_Read                 text37       02FD
_DS3231_ReadTime            text29       053A
_GIE                        (abs)        005F
_I2C_Init                   text28       0B70
_I2C_Read                   text33       0F12
_I2C_Start                  text32       0C65
_I2C_Stop                   text31       0C84
_I2C_Wait                   text34       0C46
_I2C_Write                  text30       0CC2
_INTCON                     (abs)        000B
_INTCONbits                 (abs)        000B
_ISR                        text40       0C29
_LCD_Cmd                    text26       0B93
_LCD_Data                   text22       0B40
_LCD_Goto                   text25       0BBD
_LCD_Goto$419               cstackBANK0  0027
_LCD_I2C_SendByte           text27       0686
_LCD_I2C_SendNibble         text24       0D58
_LCD_Init                   text23       05B6
_LCD_Num                    text19       0FAA
_LCD_Num2                   text16       0DC6
_LCD_NumFrac                text15       0E80
_LCD_NumFrac$1226           cstackBANK0  0031
_LCD_NumFrac$1227           cstackBANK0  0033
_LCD_Print                  text14       0BF1
_OPTION_REG                 (abs)        0081
_PEN                        (abs)        048A
_PIE1                       (abs)        008C
_PIE1bits                   (abs)        008C
_PIR1                       (abs)        000C
_PIR1bits                   (abs)        000C
_PORTBbits                  (abs)        0006
_PORTD                      (abs)        0008
_PORTDbits                  (abs)        0008
_RCEN                       (abs)        048B
_RCSTA                      (abs)        0018
_SEN                        (abs)        0488
_SPBRG                      (abs)        0099
_SRAM_LoadHeader            text12       0BD6
_SRAM_Read                  text13       0D2C
_SRAM_SaveHeader            text10       0D05
_SRAM_SaveSample            text9        0436
_SRAM_SaveSample$382        cstackBANK0  002D
_SRAM_Write                 text11       0CA3
_SSPADD                     (abs)        0093
_SSPBUF                     (abs)        0013
_SSPCON                     (abs)        0014
_SSPCON2                    (abs)        0091
_SSPIF                      (abs)        0063
_SSPSTAT                    (abs)        0094
_T1CON                      (abs)        0010
_TMR1H                      (abs)        000F
_TMR1L                      (abs)        000E
_TRISAbits                  (abs)        0085
_TRISBbits                  (abs)        0086
_TRISC3                     (abs)        043B
_TRISC4                     (abs)        043C
_TRISCbits                  (abs)        0087
_TRISD                      (abs)        0088
_TRISDbits                  (abs)        0088
_TRISE                      (abs)        0089
_TXIF                       (abs)        0064
_TXREG                      (abs)        0019
_TXSTA                      (abs)        0098
_UART_Init                  text8        0B54
_UART_Num                   text6        07A6
_UART_Num2                  text5        0E02
_UART_NumFrac               text4        0EC9
_UART_NumFrac$1228          cstackBANK0  002D
_UART_NumFrac$1229          cstackBANK0  002F
_UART_Print                 text3        0C0D
_UART_Write                 text7        0B4A
__H__absolute__             __absolute__ 0000
__Habs1                     abs1         0000
__Hbank0                    bank0        0000
__Hbank1                    bank1        0000
__Hbank2                    bank2        0000
__Hbank3                    bank3        0000
__HbssBANK0                 bssBANK0     0000
__HbssCOMMON                bssCOMMON    0000
__Hcinit                    cinit        003B
__Hclrtext                  clrtext      0000
__Hcode                     code         0000
__Hcommon                   common       0000
__Hconfig                   config       2008
__HcstackBANK0              cstackBANK0  0000
__HcstackCOMMON             cstackCOMMON 0000
__HdataBANK0                dataBANK0    0000
__Heeprom_data              eeprom_data  0000
__Hend_init                 end_init     000F
__Hfunctab                  functab      0000
__Hheap                     heap         0000
__HidataBANK0               idataBANK0   0000
__Hinit                     init         000C
__Hintentry                 intentry     000C
__Hmaintext                 maintext     0000
__Hpowerup                  powerup      0000
__Hram                      ram          0000
__Hreset_vec                reset_vec    0003
__Hsfr0                     sfr0         0000
__Hsfr1                     sfr1         0000
__Hsfr2                     sfr2         0000
__Hsfr3                     sfr3         0000
__Hsivt                     sivt         000C
__Hspace_0                  (abs)        1000
__Hspace_1                  (abs)        007C
__Hspace_2                  (abs)        0000
__Hspace_3                  (abs)        0000
__Hspace_4                  (abs)        400F
__Hstack                    stack        0000
__Hstrings                  strings      0000
__Htext                     text         0000
__L__absolute__             __absolute__ 0000
__Labs1                     abs1         0000
__Lbank0                    bank0        0000
__Lbank1                    bank1        0000
__Lbank2                    bank2        0000
__Lbank3                    bank3        0000
__LbssBANK0                 bssBANK0     0000
__LbssCOMMON                bssCOMMON    0000
__Lcinit                    cinit        000F
__Lclrtext                  clrtext      0000
__Lcode                     code         0000
__Lcommon                   common       0000
__Lconfig                   config       0000
__LcstackBANK0              cstackBANK0  0000
__LcstackCOMMON             cstackCOMMON 0000
__LdataBANK0                dataBANK0    0000
__Leeprom_data              eeprom_data  0000
__Lend_init                 end_init     000C
__Lfunctab                  functab      0000
__Lheap                     heap         0000
__LidataBANK0               idataBANK0   0000
__Linit                     init         000C
__Lintentry                 intentry     0004
__Lmaintext                 maintext     0000
__Lpowerup                  powerup      0000
__Lram                      ram          0000
__Lreset_vec                reset_vec    0000
__Lsfr0                     sfr0         0000
__Lsfr1                     sfr1         0000
__Lsfr2                     sfr2         0000
__Lsfr3                     sfr3         0000
__Lsivt                     sivt         000C
__Lspace_0                  (abs)        0000
__Lspace_1                  (abs)        0000
__Lspace_2                  (abs)        0000
__Lspace_3                  (abs)        0000
__Lspace_4                  (abs)        0000
__Lstack                    stack        0000
__Lstrings                  strings      0000
__Ltext                     text         0000
__S0                        (abs)        1000
__S1                        (abs)        007C
__S3                        (abs)        0000
___awdiv                    text18       06EC
___awdiv@counter            cstackCOMMON 0076
___awdiv@dividend           cstackCOMMON 0074
___awdiv@divisor            cstackCOMMON 0072
___awdiv@quotient           cstackCOMMON 0078
___awdiv@sign               cstackCOMMON 0077
___awmod                    text17       074F
___awmod@counter            cstackCOMMON 0076
___awmod@dividend           cstackCOMMON 0074
___awmod@divisor            cstackCOMMON 0072
___awmod@sign               cstackCOMMON 0077
___bmul                     text36       0B80
___bmul@multiplicand        cstackCOMMON 0072
___bmul@multiplier          cstackCOMMON 0074
___bmul@product             cstackCOMMON 0073
___heap_hi                  (abs)        0000
___heap_lo                  (abs)        0000
___int_sp                   stack        0000
___int_stack_hi             stack        0000
___int_stack_lo             stack        0000
___latbits                  (abs)        0002
___lldiv                    text2        0620
___lldiv@counter            cstackBANK0  0031
___lldiv@dividend           cstackBANK0  0028
___lldiv@divisor            cstackBANK0  0024
___lldiv@quotient           cstackBANK0  002D
___lmul                     text1        0F5E
___lmul@multiplicand        cstackCOMMON 0076
___lmul@multiplier          cstackCOMMON 0072
___lmul@product             cstackBANK0  0020
___lwdiv                    text21       0E3E
___lwdiv@counter            cstackCOMMON 0076
___lwdiv@dividend           cstackCOMMON 0074
___lwdiv@divisor            cstackCOMMON 0072
___lwdiv@quotient           cstackCOMMON 0077
___lwmod                    text20       0D8E
___lwmod@counter            cstackCOMMON 0076
___lwmod@dividend           cstackCOMMON 0074
___lwmod@divisor            cstackCOMMON 0072
___sp                       stack        0000
___stack_hi                 stack        0000
___stack_lo                 stack        0000
___stackhi                  (abs)        0000
___stacklo                  (abs)        0000
__end_of_ADC_Init           text39       0B70
__end_of_ADC_Read           text38       0D05
__end_of_BCDtoDEC           text35       0BBD
__end_of_DHT22_Read         text37       0436
__end_of_DS3231_ReadTime    text29       05B6
__end_of_I2C_Init           text28       0B80
__end_of_I2C_Read           text33       0F5E
__end_of_I2C_Start          text32       0C84
__end_of_I2C_Stop           text31       0CA3
__end_of_I2C_Wait           text34       0C65
__end_of_I2C_Write          text30       0CE3
__end_of_ISR                text40       0C46
__end_of_LCD_Cmd            text26       0BA7
__end_of_LCD_Data           text22       0B4A
__end_of_LCD_Goto           text25       0BD6
__end_of_LCD_I2C_SendByte   text27       06EC
__end_of_LCD_I2C_SendNibble text24       0D8E
__end_of_LCD_Init           text23       0620
__end_of_LCD_Num            text19       1000
__end_of_LCD_Num2           text16       0E02
__end_of_LCD_NumFrac        text15       0EC9
__end_of_LCD_Print          text14       0C0D
__end_of_SRAM_LoadHeader    text12       0BF1
__end_of_SRAM_Read          text13       0D58
__end_of_SRAM_SaveHeader    text10       0D2C
__end_of_SRAM_SaveSample    text9        053A
__end_of_SRAM_Write         text11       0CC2
__end_of_UART_Init          text8        0B61
__end_of_UART_Num           text6        07FC
__end_of_UART_Num2          text5        0E3E
__end_of_UART_NumFrac       text4        0F12
__end_of_UART_Print         text3        0C29
__end_of_UART_Write         text7        0B54
__end_of___awdiv            text18       074F
__end_of___awmod            text17       07A6
__end_of___bmul             text36       0B93
__end_of___lldiv            text2        0686
__end_of___lmul             text1        0FAA
__end_of___lwdiv            text21       0E80
__end_of___lwmod            text20       0DC6
__end_of__initialization    cinit        0037
__end_of__stringtab         strings      0806
__end_of_main               maintext     02FD
__initialization            cinit        000F
__pbssBANK0                 bssBANK0     0049
__pbssCOMMON                bssCOMMON    007B
__pcstackBANK0              cstackBANK0  0020
__pcstackCOMMON             cstackCOMMON 0070
__pdataBANK0                dataBANK0    0052
__pidataBANK0               idataBANK0   0B3B
__pintentry                 intentry     0004
__pmaintext                 maintext     003B
__pstrings                  strings      0800
__ptext1                    text1        0F5E
__ptext10                   text10       0D05
__ptext11                   text11       0CA3
__ptext12                   text12       0BD6
__ptext13                   text13       0D2C
__ptext14                   text14       0BF1
__ptext15                   text15       0E80
__ptext16                   text16       0DC6
__ptext17                   text17       074F
__ptext18                   text18       06EC
__ptext19                   text19       0FAA
__ptext2                    text2        0620
__ptext20                   text20       0D8E
__ptext21                   text21       0E3E
__ptext22                   text22       0B40
__ptext23                   text23       05B6
__ptext24                   text24       0D58
__ptext25                   text25       0BBD
__ptext26                   text26       0B93
__ptext27                   text27       0686
__ptext28                   text28       0B70
__ptext29                   text29       053A
__ptext3                    text3        0C0D
__ptext30                   text30       0CC2
__ptext31                   text31       0C84
__ptext32                   text32       0C65
__ptext33                   text33       0F12
__ptext34                   text34       0C46
__ptext35                   text35       0BA7
__ptext36                   text36       0B80
__ptext37                   text37       02FD
__ptext38                   text38       0CE3
__ptext39                   text39       0B61
__ptext4                    text4        0EC9
__ptext40                   text40       0C29
__ptext5                    text5        0E02
__ptext6                    text6        07A6
__ptext7                    text7        0B4A
__ptext8                    text8        0B54
__ptext9                    text9        0436
__stringbase                strings      0805
__stringtab                 strings      0800
_main                       maintext     003B
_main$553                   cstackBANK0  0040
_rtc_date                   dataBANK0    0054
_rtc_hr                     dataBANK0    0055
_rtc_min                    dataBANK0    0056
_rtc_mon                    dataBANK0    0053
_rtc_sec                    bssBANK0     0051
_rtc_yr                     dataBANK0    0052
_sram_count                 bssBANK0     004E
_sram_index                 bssBANK0     004F
_take_sample_flag           bssBANK0     0050
_timer1_ticks               bssCOMMON    007B
btemp                       (abs)        007E
btemp0                      (abs)        007E
btemp1                      (abs)        007F
end_of_initialization       cinit        0037
interrupt_function          intentry     0004
intlevel0                   functab      0000
intlevel1                   functab      0000
intlevel2                   functab      0000
intlevel3                   functab      0000
intlevel4                   functab      0000
intlevel5                   functab      0000
ltemp0a                     (abs)        0080
main@dht_err                cstackBANK0  003F
main@dht_hum_x10            cstackBANK0  0042
main@dht_temp_x10           cstackBANK0  003D
main@hum_pct                cstackBANK0  0048
main@ldr_pct                cstackBANK0  0046
main@ldr_raw                cstackBANK0  003B
main@lm35_raw               cstackBANK0  0039
main@lm35_x10               cstackBANK0  0044
reset_vec                   reset_vec    0000
saved_w                     (abs)        007E
start                       init         000C
start_initialization        cinit        000F
ttemp0a                     (abs)        007F
wtemp0                      (abs)        007E
wtemp0a                     (abs)        007F


MODULE INFORMATION

Module		Function		Class		Link	Load	Size
C:\Program Files\Microchip\xc8\v3.10\pic\sources\c99\common\lwmod.c
		___lwmod       		CODE           	0D8E	0000	56

C:\Program Files\Microchip\xc8\v3.10\pic\sources\c99\common\lwmod.c estimated size: 56

C:\Program Files\Microchip\xc8\v3.10\pic\sources\c99\common\awmod.c
		___awmod       		CODE           	074F	0000	87

C:\Program Files\Microchip\xc8\v3.10\pic\sources\c99\common\awmod.c estimated size: 87

C:\Program Files\Microchip\xc8\v3.10\pic\sources\c99\common\Umul32.c
		___lmul        		CODE           	0F5E	0000	76

C:\Program Files\Microchip\xc8\v3.10\pic\sources\c99\common\Umul32.c estimated size: 76

C:\Program Files\Microchip\xc8\v3.10\pic\sources\c99\common\lwdiv.c
		___lwdiv       		CODE           	0E3E	0000	66

C:\Program Files\Microchip\xc8\v3.10\pic\sources\c99\common\lwdiv.c estimated size: 66

C:\Program Files\Microchip\xc8\v3.10\pic\sources\c99\common\awdiv.c
		___awdiv       		CODE           	06EC	0000	99

C:\Program Files\Microchip\xc8\v3.10\pic\sources\c99\common\awdiv.c estimated size: 99

C:\Program Files\Microchip\xc8\v3.10\pic\sources\c99\common\Umul8.c
		___bmul        		CODE           	0B80	0000	19

C:\Program Files\Microchip\xc8\v3.10\pic\sources\c99\common\Umul8.c estimated size: 19

shared
		__stringtab    		STRING         	0800	0000	6
		__initialization		CODE           	000F	0000	40

shared estimated size: 46

C:\Program Files\Microchip\xc8\v3.10\pic\sources\c99\common\__lldiv.c
		___lldiv       		CODE           	0620	0000	102

C:\Program Files\Microchip\xc8\v3.10\pic\sources\c99\common\__lldiv.c estimated size: 102

main.c
		_LCD_Init      		CODE           	05B6	0000	106
		_LCD_Num       		CODE           	0FAA	0000	86
		_BCDtoDEC      		CODE           	0BA7	0000	22
		_LCD_Num2      		CODE           	0DC6	0000	60
		_LCD_NumFrac   		CODE           	0E80	0000	73
		_ISR           		CODE           	0C29	0000	29
		_SRAM_Read     		CODE           	0D2C	0000	44
		_LCD_Cmd       		CODE           	0B93	0000	20
		_UART_Init     		CODE           	0B54	0000	13
		_LCD_Data      		CODE           	0B40	0000	10
		_main          		CODE           	003B	0000	706
		_SRAM_SaveSample		CODE           	0436	0000	260
		_SRAM_SaveHeader		CODE           	0D05	0000	39
		_LCD_I2C_SendByte		CODE           	0686	0000	102
		_I2C_Write     		CODE           	0CC2	0000	33
		_UART_Print    		CODE           	0C0D	0000	28
		_I2C_Stop      		CODE           	0C84	0000	31
		_I2C_Wait      		CODE           	0C46	0000	31
		_SRAM_LoadHeader		CODE           	0BD6	0000	27
		_I2C_Read      		CODE           	0F12	0000	76
		_DS3231_ReadTime		CODE           	053A	0000	124
		_I2C_Init      		CODE           	0B70	0000	16
		_LCD_Goto      		CODE           	0BBD	0000	25
		_LCD_Print     		CODE           	0BF1	0000	28
		_LCD_I2C_SendNibble		CODE           	0D58	0000	54
		_UART_Num      		CODE           	07A6	0000	86
		_UART_Num2     		CODE           	0E02	0000	60
		_UART_Write    		CODE           	0B4A	0000	10
		_SRAM_Write    		CODE           	0CA3	0000	31
		_UART_NumFrac  		CODE           	0EC9	0000	73
		_ADC_Read      		CODE           	0CE3	0000	34
		_I2C_Start     		CODE           	0C65	0000	31
		_ADC_Init      		CODE           	0B61	0000	15
		_DHT22_Read    		CODE           	02FD	0000	313

main.c estimated size: 2696

